Partition Merge report for ppsPll
Tue Dec 03 08:16:32 2019
Quartus Prime Version 17.1.0 Build 590 10/25/2017 SJ Lite Edition


---------------------
; Table of Contents ;
---------------------
  1. Legal Notice
  2. Partition Merge Summary
  3. Partition Merge Netlist Types Used
  4. Connections to In-System Debugging Instance "auto_signaltap_0"
  5. Partition Merge Partition Statistics
  6. Partition Merge Partition Pin Processing
  7. Partition Merge Resource Usage Summary
  8. Partition Merge RAM Summary
  9. Partition Merge Messages



----------------
; Legal Notice ;
----------------
Copyright (C) 2017  Intel Corporation. All rights reserved.
Your use of Intel Corporation's design tools, logic functions 
and other software and tools, and its AMPP partner logic 
functions, and any output files from any of the foregoing 
(including device programming or simulation files), and any 
associated documentation or information are expressly subject 
to the terms and conditions of the Intel Program License 
Subscription Agreement, the Intel Quartus Prime License Agreement,
the Intel FPGA IP License Agreement, or other applicable license
agreement, including, without limitation, that your use is for
the sole purpose of programming logic devices manufactured by
Intel and sold by Intel or its authorized distributors.  Please
refer to the applicable agreement for further details.



+----------------------------------------------------------------------------------+
; Partition Merge Summary                                                          ;
+------------------------------------+---------------------------------------------+
; Partition Merge Status             ; Successful - Tue Dec 03 08:16:31 2019       ;
; Quartus Prime Version              ; 17.1.0 Build 590 10/25/2017 SJ Lite Edition ;
; Revision Name                      ; ppsPll                                      ;
; Top-level Entity Name              ; ppsPll                                      ;
; Family                             ; MAX 10                                      ;
; Total logic elements               ; 1,382                                       ;
;     Total combinational functions  ; 924                                         ;
;     Dedicated logic registers      ; 991                                         ;
; Total registers                    ; 991                                         ;
; Total pins                         ; 7                                           ;
; Total virtual pins                 ; 0                                           ;
; Total memory bits                  ; 4,352                                       ;
; Embedded Multiplier 9-bit elements ; 0                                           ;
; Total PLLs                         ; 1                                           ;
; UFM blocks                         ; 0                                           ;
; ADC blocks                         ; 0                                           ;
+------------------------------------+---------------------------------------------+


+-------------------------------------------------------------------------------------------------------------------------------+
; Partition Merge Netlist Types Used                                                                                            ;
+--------------------------------+----------------+-------------------+------------------------+--------------------------------+
; Partition Name                 ; Partition Type ; Netlist Type Used ; Netlist Type Requested ; Partition Contents             ;
+--------------------------------+----------------+-------------------+------------------------+--------------------------------+
; Top                            ; User-created   ; Source File       ; Source File            ;                                ;
; sld_hub:auto_hub               ; Auto-generated ; Post-Synthesis    ; Post-Synthesis         ; sld_hub:auto_hub               ;
; sld_signaltap:auto_signaltap_0 ; Auto-generated ; Post-Synthesis    ; Post-Synthesis         ; sld_signaltap:auto_signaltap_0 ;
; hard_block:auto_generated_inst ; Auto-generated ; Source File       ; Source File            ; hard_block:auto_generated_inst ;
+--------------------------------+----------------+-------------------+------------------------+--------------------------------+


+-------------------------------------------------------------------------------------------------------------------------------------------------------------------------------------+
; Connections to In-System Debugging Instance "auto_signaltap_0"                                                                                                                      ;
+---------------------------------------------+--------------+-----------+--------------------------------+-------------------+---------------------------------------------+---------+
; Name                                        ; Type         ; Status    ; Partition Name                 ; Netlist Type Used ; Actual Connection                           ; Details ;
+---------------------------------------------+--------------+-----------+--------------------------------+-------------------+---------------------------------------------+---------+
; DPLLv2:ppsPll|VCODriveFilter:NCODrv1|rY[0]  ; post-fitting ; connected ; Top                            ; post-synthesis    ; DPLLv2:ppsPll|VCODriveFilter:NCODrv1|rY[0]  ; N/A     ;
; DPLLv2:ppsPll|VCODriveFilter:NCODrv1|rY[0]  ; post-fitting ; connected ; Top                            ; post-synthesis    ; DPLLv2:ppsPll|VCODriveFilter:NCODrv1|rY[0]  ; N/A     ;
; DPLLv2:ppsPll|VCODriveFilter:NCODrv1|rY[10] ; post-fitting ; connected ; Top                            ; post-synthesis    ; DPLLv2:ppsPll|VCODriveFilter:NCODrv1|rY[10] ; N/A     ;
; DPLLv2:ppsPll|VCODriveFilter:NCODrv1|rY[10] ; post-fitting ; connected ; Top                            ; post-synthesis    ; DPLLv2:ppsPll|VCODriveFilter:NCODrv1|rY[10] ; N/A     ;
; DPLLv2:ppsPll|VCODriveFilter:NCODrv1|rY[11] ; post-fitting ; connected ; Top                            ; post-synthesis    ; DPLLv2:ppsPll|VCODriveFilter:NCODrv1|rY[11] ; N/A     ;
; DPLLv2:ppsPll|VCODriveFilter:NCODrv1|rY[11] ; post-fitting ; connected ; Top                            ; post-synthesis    ; DPLLv2:ppsPll|VCODriveFilter:NCODrv1|rY[11] ; N/A     ;
; DPLLv2:ppsPll|VCODriveFilter:NCODrv1|rY[12] ; post-fitting ; connected ; Top                            ; post-synthesis    ; DPLLv2:ppsPll|VCODriveFilter:NCODrv1|rY[12] ; N/A     ;
; DPLLv2:ppsPll|VCODriveFilter:NCODrv1|rY[12] ; post-fitting ; connected ; Top                            ; post-synthesis    ; DPLLv2:ppsPll|VCODriveFilter:NCODrv1|rY[12] ; N/A     ;
; DPLLv2:ppsPll|VCODriveFilter:NCODrv1|rY[13] ; post-fitting ; connected ; Top                            ; post-synthesis    ; DPLLv2:ppsPll|VCODriveFilter:NCODrv1|rY[13] ; N/A     ;
; DPLLv2:ppsPll|VCODriveFilter:NCODrv1|rY[13] ; post-fitting ; connected ; Top                            ; post-synthesis    ; DPLLv2:ppsPll|VCODriveFilter:NCODrv1|rY[13] ; N/A     ;
; DPLLv2:ppsPll|VCODriveFilter:NCODrv1|rY[14] ; post-fitting ; connected ; Top                            ; post-synthesis    ; DPLLv2:ppsPll|VCODriveFilter:NCODrv1|rY[14] ; N/A     ;
; DPLLv2:ppsPll|VCODriveFilter:NCODrv1|rY[14] ; post-fitting ; connected ; Top                            ; post-synthesis    ; DPLLv2:ppsPll|VCODriveFilter:NCODrv1|rY[14] ; N/A     ;
; DPLLv2:ppsPll|VCODriveFilter:NCODrv1|rY[15] ; post-fitting ; connected ; Top                            ; post-synthesis    ; DPLLv2:ppsPll|VCODriveFilter:NCODrv1|rY[15] ; N/A     ;
; DPLLv2:ppsPll|VCODriveFilter:NCODrv1|rY[15] ; post-fitting ; connected ; Top                            ; post-synthesis    ; DPLLv2:ppsPll|VCODriveFilter:NCODrv1|rY[15] ; N/A     ;
; DPLLv2:ppsPll|VCODriveFilter:NCODrv1|rY[16] ; post-fitting ; connected ; Top                            ; post-synthesis    ; DPLLv2:ppsPll|VCODriveFilter:NCODrv1|rY[16] ; N/A     ;
; DPLLv2:ppsPll|VCODriveFilter:NCODrv1|rY[16] ; post-fitting ; connected ; Top                            ; post-synthesis    ; DPLLv2:ppsPll|VCODriveFilter:NCODrv1|rY[16] ; N/A     ;
; DPLLv2:ppsPll|VCODriveFilter:NCODrv1|rY[17] ; post-fitting ; connected ; Top                            ; post-synthesis    ; DPLLv2:ppsPll|VCODriveFilter:NCODrv1|rY[17] ; N/A     ;
; DPLLv2:ppsPll|VCODriveFilter:NCODrv1|rY[17] ; post-fitting ; connected ; Top                            ; post-synthesis    ; DPLLv2:ppsPll|VCODriveFilter:NCODrv1|rY[17] ; N/A     ;
; DPLLv2:ppsPll|VCODriveFilter:NCODrv1|rY[18] ; post-fitting ; connected ; Top                            ; post-synthesis    ; DPLLv2:ppsPll|VCODriveFilter:NCODrv1|rY[18] ; N/A     ;
; DPLLv2:ppsPll|VCODriveFilter:NCODrv1|rY[18] ; post-fitting ; connected ; Top                            ; post-synthesis    ; DPLLv2:ppsPll|VCODriveFilter:NCODrv1|rY[18] ; N/A     ;
; DPLLv2:ppsPll|VCODriveFilter:NCODrv1|rY[19] ; post-fitting ; connected ; Top                            ; post-synthesis    ; DPLLv2:ppsPll|VCODriveFilter:NCODrv1|rY[19] ; N/A     ;
; DPLLv2:ppsPll|VCODriveFilter:NCODrv1|rY[19] ; post-fitting ; connected ; Top                            ; post-synthesis    ; DPLLv2:ppsPll|VCODriveFilter:NCODrv1|rY[19] ; N/A     ;
; DPLLv2:ppsPll|VCODriveFilter:NCODrv1|rY[1]  ; post-fitting ; connected ; Top                            ; post-synthesis    ; DPLLv2:ppsPll|VCODriveFilter:NCODrv1|rY[1]  ; N/A     ;
; DPLLv2:ppsPll|VCODriveFilter:NCODrv1|rY[1]  ; post-fitting ; connected ; Top                            ; post-synthesis    ; DPLLv2:ppsPll|VCODriveFilter:NCODrv1|rY[1]  ; N/A     ;
; DPLLv2:ppsPll|VCODriveFilter:NCODrv1|rY[20] ; post-fitting ; connected ; Top                            ; post-synthesis    ; DPLLv2:ppsPll|VCODriveFilter:NCODrv1|rY[20] ; N/A     ;
; DPLLv2:ppsPll|VCODriveFilter:NCODrv1|rY[20] ; post-fitting ; connected ; Top                            ; post-synthesis    ; DPLLv2:ppsPll|VCODriveFilter:NCODrv1|rY[20] ; N/A     ;
; DPLLv2:ppsPll|VCODriveFilter:NCODrv1|rY[21] ; post-fitting ; connected ; Top                            ; post-synthesis    ; DPLLv2:ppsPll|VCODriveFilter:NCODrv1|rY[21] ; N/A     ;
; DPLLv2:ppsPll|VCODriveFilter:NCODrv1|rY[21] ; post-fitting ; connected ; Top                            ; post-synthesis    ; DPLLv2:ppsPll|VCODriveFilter:NCODrv1|rY[21] ; N/A     ;
; DPLLv2:ppsPll|VCODriveFilter:NCODrv1|rY[22] ; post-fitting ; connected ; Top                            ; post-synthesis    ; DPLLv2:ppsPll|VCODriveFilter:NCODrv1|rY[22] ; N/A     ;
; DPLLv2:ppsPll|VCODriveFilter:NCODrv1|rY[22] ; post-fitting ; connected ; Top                            ; post-synthesis    ; DPLLv2:ppsPll|VCODriveFilter:NCODrv1|rY[22] ; N/A     ;
; DPLLv2:ppsPll|VCODriveFilter:NCODrv1|rY[23] ; post-fitting ; connected ; Top                            ; post-synthesis    ; DPLLv2:ppsPll|VCODriveFilter:NCODrv1|rY[23] ; N/A     ;
; DPLLv2:ppsPll|VCODriveFilter:NCODrv1|rY[23] ; post-fitting ; connected ; Top                            ; post-synthesis    ; DPLLv2:ppsPll|VCODriveFilter:NCODrv1|rY[23] ; N/A     ;
; DPLLv2:ppsPll|VCODriveFilter:NCODrv1|rY[24] ; post-fitting ; connected ; Top                            ; post-synthesis    ; DPLLv2:ppsPll|VCODriveFilter:NCODrv1|rY[24] ; N/A     ;
; DPLLv2:ppsPll|VCODriveFilter:NCODrv1|rY[24] ; post-fitting ; connected ; Top                            ; post-synthesis    ; DPLLv2:ppsPll|VCODriveFilter:NCODrv1|rY[24] ; N/A     ;
; DPLLv2:ppsPll|VCODriveFilter:NCODrv1|rY[25] ; post-fitting ; connected ; Top                            ; post-synthesis    ; DPLLv2:ppsPll|VCODriveFilter:NCODrv1|rY[25] ; N/A     ;
; DPLLv2:ppsPll|VCODriveFilter:NCODrv1|rY[25] ; post-fitting ; connected ; Top                            ; post-synthesis    ; DPLLv2:ppsPll|VCODriveFilter:NCODrv1|rY[25] ; N/A     ;
; DPLLv2:ppsPll|VCODriveFilter:NCODrv1|rY[26] ; post-fitting ; connected ; Top                            ; post-synthesis    ; DPLLv2:ppsPll|VCODriveFilter:NCODrv1|rY[26] ; N/A     ;
; DPLLv2:ppsPll|VCODriveFilter:NCODrv1|rY[26] ; post-fitting ; connected ; Top                            ; post-synthesis    ; DPLLv2:ppsPll|VCODriveFilter:NCODrv1|rY[26] ; N/A     ;
; DPLLv2:ppsPll|VCODriveFilter:NCODrv1|rY[27] ; post-fitting ; connected ; Top                            ; post-synthesis    ; DPLLv2:ppsPll|VCODriveFilter:NCODrv1|rY[27] ; N/A     ;
; DPLLv2:ppsPll|VCODriveFilter:NCODrv1|rY[27] ; post-fitting ; connected ; Top                            ; post-synthesis    ; DPLLv2:ppsPll|VCODriveFilter:NCODrv1|rY[27] ; N/A     ;
; DPLLv2:ppsPll|VCODriveFilter:NCODrv1|rY[28] ; post-fitting ; connected ; Top                            ; post-synthesis    ; DPLLv2:ppsPll|VCODriveFilter:NCODrv1|rY[28] ; N/A     ;
; DPLLv2:ppsPll|VCODriveFilter:NCODrv1|rY[28] ; post-fitting ; connected ; Top                            ; post-synthesis    ; DPLLv2:ppsPll|VCODriveFilter:NCODrv1|rY[28] ; N/A     ;
; DPLLv2:ppsPll|VCODriveFilter:NCODrv1|rY[29] ; post-fitting ; connected ; Top                            ; post-synthesis    ; DPLLv2:ppsPll|VCODriveFilter:NCODrv1|rY[29] ; N/A     ;
; DPLLv2:ppsPll|VCODriveFilter:NCODrv1|rY[29] ; post-fitting ; connected ; Top                            ; post-synthesis    ; DPLLv2:ppsPll|VCODriveFilter:NCODrv1|rY[29] ; N/A     ;
; DPLLv2:ppsPll|VCODriveFilter:NCODrv1|rY[2]  ; post-fitting ; connected ; Top                            ; post-synthesis    ; DPLLv2:ppsPll|VCODriveFilter:NCODrv1|rY[2]  ; N/A     ;
; DPLLv2:ppsPll|VCODriveFilter:NCODrv1|rY[2]  ; post-fitting ; connected ; Top                            ; post-synthesis    ; DPLLv2:ppsPll|VCODriveFilter:NCODrv1|rY[2]  ; N/A     ;
; DPLLv2:ppsPll|VCODriveFilter:NCODrv1|rY[30] ; post-fitting ; connected ; Top                            ; post-synthesis    ; DPLLv2:ppsPll|VCODriveFilter:NCODrv1|rY[30] ; N/A     ;
; DPLLv2:ppsPll|VCODriveFilter:NCODrv1|rY[30] ; post-fitting ; connected ; Top                            ; post-synthesis    ; DPLLv2:ppsPll|VCODriveFilter:NCODrv1|rY[30] ; N/A     ;
; DPLLv2:ppsPll|VCODriveFilter:NCODrv1|rY[31] ; post-fitting ; connected ; Top                            ; post-synthesis    ; DPLLv2:ppsPll|VCODriveFilter:NCODrv1|rY[31] ; N/A     ;
; DPLLv2:ppsPll|VCODriveFilter:NCODrv1|rY[31] ; post-fitting ; connected ; Top                            ; post-synthesis    ; DPLLv2:ppsPll|VCODriveFilter:NCODrv1|rY[31] ; N/A     ;
; DPLLv2:ppsPll|VCODriveFilter:NCODrv1|rY[32] ; post-fitting ; connected ; Top                            ; post-synthesis    ; DPLLv2:ppsPll|VCODriveFilter:NCODrv1|rY[32] ; N/A     ;
; DPLLv2:ppsPll|VCODriveFilter:NCODrv1|rY[32] ; post-fitting ; connected ; Top                            ; post-synthesis    ; DPLLv2:ppsPll|VCODriveFilter:NCODrv1|rY[32] ; N/A     ;
; DPLLv2:ppsPll|VCODriveFilter:NCODrv1|rY[33] ; post-fitting ; connected ; Top                            ; post-synthesis    ; DPLLv2:ppsPll|VCODriveFilter:NCODrv1|rY[33] ; N/A     ;
; DPLLv2:ppsPll|VCODriveFilter:NCODrv1|rY[33] ; post-fitting ; connected ; Top                            ; post-synthesis    ; DPLLv2:ppsPll|VCODriveFilter:NCODrv1|rY[33] ; N/A     ;
; DPLLv2:ppsPll|VCODriveFilter:NCODrv1|rY[3]  ; post-fitting ; connected ; Top                            ; post-synthesis    ; DPLLv2:ppsPll|VCODriveFilter:NCODrv1|rY[3]  ; N/A     ;
; DPLLv2:ppsPll|VCODriveFilter:NCODrv1|rY[3]  ; post-fitting ; connected ; Top                            ; post-synthesis    ; DPLLv2:ppsPll|VCODriveFilter:NCODrv1|rY[3]  ; N/A     ;
; DPLLv2:ppsPll|VCODriveFilter:NCODrv1|rY[4]  ; post-fitting ; connected ; Top                            ; post-synthesis    ; DPLLv2:ppsPll|VCODriveFilter:NCODrv1|rY[4]  ; N/A     ;
; DPLLv2:ppsPll|VCODriveFilter:NCODrv1|rY[4]  ; post-fitting ; connected ; Top                            ; post-synthesis    ; DPLLv2:ppsPll|VCODriveFilter:NCODrv1|rY[4]  ; N/A     ;
; DPLLv2:ppsPll|VCODriveFilter:NCODrv1|rY[5]  ; post-fitting ; connected ; Top                            ; post-synthesis    ; DPLLv2:ppsPll|VCODriveFilter:NCODrv1|rY[5]  ; N/A     ;
; DPLLv2:ppsPll|VCODriveFilter:NCODrv1|rY[5]  ; post-fitting ; connected ; Top                            ; post-synthesis    ; DPLLv2:ppsPll|VCODriveFilter:NCODrv1|rY[5]  ; N/A     ;
; DPLLv2:ppsPll|VCODriveFilter:NCODrv1|rY[6]  ; post-fitting ; connected ; Top                            ; post-synthesis    ; DPLLv2:ppsPll|VCODriveFilter:NCODrv1|rY[6]  ; N/A     ;
; DPLLv2:ppsPll|VCODriveFilter:NCODrv1|rY[6]  ; post-fitting ; connected ; Top                            ; post-synthesis    ; DPLLv2:ppsPll|VCODriveFilter:NCODrv1|rY[6]  ; N/A     ;
; DPLLv2:ppsPll|VCODriveFilter:NCODrv1|rY[7]  ; post-fitting ; connected ; Top                            ; post-synthesis    ; DPLLv2:ppsPll|VCODriveFilter:NCODrv1|rY[7]  ; N/A     ;
; DPLLv2:ppsPll|VCODriveFilter:NCODrv1|rY[7]  ; post-fitting ; connected ; Top                            ; post-synthesis    ; DPLLv2:ppsPll|VCODriveFilter:NCODrv1|rY[7]  ; N/A     ;
; DPLLv2:ppsPll|VCODriveFilter:NCODrv1|rY[8]  ; post-fitting ; connected ; Top                            ; post-synthesis    ; DPLLv2:ppsPll|VCODriveFilter:NCODrv1|rY[8]  ; N/A     ;
; DPLLv2:ppsPll|VCODriveFilter:NCODrv1|rY[8]  ; post-fitting ; connected ; Top                            ; post-synthesis    ; DPLLv2:ppsPll|VCODriveFilter:NCODrv1|rY[8]  ; N/A     ;
; DPLLv2:ppsPll|VCODriveFilter:NCODrv1|rY[9]  ; post-fitting ; connected ; Top                            ; post-synthesis    ; DPLLv2:ppsPll|VCODriveFilter:NCODrv1|rY[9]  ; N/A     ;
; DPLLv2:ppsPll|VCODriveFilter:NCODrv1|rY[9]  ; post-fitting ; connected ; Top                            ; post-synthesis    ; DPLLv2:ppsPll|VCODriveFilter:NCODrv1|rY[9]  ; N/A     ;
; auto_signaltap_0|gnd                        ; post-fitting ; connected ; sld_signaltap:auto_signaltap_0 ; post-synthesis    ; sld_signaltap:auto_signaltap_0|~GND         ; N/A     ;
; auto_signaltap_0|gnd                        ; post-fitting ; connected ; sld_signaltap:auto_signaltap_0 ; post-synthesis    ; sld_signaltap:auto_signaltap_0|~GND         ; N/A     ;
; auto_signaltap_0|gnd                        ; post-fitting ; connected ; sld_signaltap:auto_signaltap_0 ; post-synthesis    ; sld_signaltap:auto_signaltap_0|~GND         ; N/A     ;
; auto_signaltap_0|gnd                        ; post-fitting ; connected ; sld_signaltap:auto_signaltap_0 ; post-synthesis    ; sld_signaltap:auto_signaltap_0|~GND         ; N/A     ;
; auto_signaltap_0|gnd                        ; post-fitting ; connected ; sld_signaltap:auto_signaltap_0 ; post-synthesis    ; sld_signaltap:auto_signaltap_0|~GND         ; N/A     ;
; auto_signaltap_0|gnd                        ; post-fitting ; connected ; sld_signaltap:auto_signaltap_0 ; post-synthesis    ; sld_signaltap:auto_signaltap_0|~GND         ; N/A     ;
; auto_signaltap_0|gnd                        ; post-fitting ; connected ; sld_signaltap:auto_signaltap_0 ; post-synthesis    ; sld_signaltap:auto_signaltap_0|~GND         ; N/A     ;
; auto_signaltap_0|gnd                        ; post-fitting ; connected ; sld_signaltap:auto_signaltap_0 ; post-synthesis    ; sld_signaltap:auto_signaltap_0|~GND         ; N/A     ;
; auto_signaltap_0|gnd                        ; post-fitting ; connected ; sld_signaltap:auto_signaltap_0 ; post-synthesis    ; sld_signaltap:auto_signaltap_0|~GND         ; N/A     ;
; auto_signaltap_0|gnd                        ; post-fitting ; connected ; sld_signaltap:auto_signaltap_0 ; post-synthesis    ; sld_signaltap:auto_signaltap_0|~GND         ; N/A     ;
; auto_signaltap_0|gnd                        ; post-fitting ; connected ; sld_signaltap:auto_signaltap_0 ; post-synthesis    ; sld_signaltap:auto_signaltap_0|~GND         ; N/A     ;
; auto_signaltap_0|gnd                        ; post-fitting ; connected ; sld_signaltap:auto_signaltap_0 ; post-synthesis    ; sld_signaltap:auto_signaltap_0|~GND         ; N/A     ;
; auto_signaltap_0|gnd                        ; post-fitting ; connected ; sld_signaltap:auto_signaltap_0 ; post-synthesis    ; sld_signaltap:auto_signaltap_0|~GND         ; N/A     ;
; auto_signaltap_0|gnd                        ; post-fitting ; connected ; sld_signaltap:auto_signaltap_0 ; post-synthesis    ; sld_signaltap:auto_signaltap_0|~GND         ; N/A     ;
; auto_signaltap_0|gnd                        ; post-fitting ; connected ; sld_signaltap:auto_signaltap_0 ; post-synthesis    ; sld_signaltap:auto_signaltap_0|~GND         ; N/A     ;
; auto_signaltap_0|vcc                        ; post-fitting ; connected ; sld_signaltap:auto_signaltap_0 ; post-synthesis    ; sld_signaltap:auto_signaltap_0|~VCC         ; N/A     ;
; auto_signaltap_0|vcc                        ; post-fitting ; connected ; sld_signaltap:auto_signaltap_0 ; post-synthesis    ; sld_signaltap:auto_signaltap_0|~VCC         ; N/A     ;
; auto_signaltap_0|vcc                        ; post-fitting ; connected ; sld_signaltap:auto_signaltap_0 ; post-synthesis    ; sld_signaltap:auto_signaltap_0|~VCC         ; N/A     ;
; auto_signaltap_0|vcc                        ; post-fitting ; connected ; sld_signaltap:auto_signaltap_0 ; post-synthesis    ; sld_signaltap:auto_signaltap_0|~VCC         ; N/A     ;
; auto_signaltap_0|vcc                        ; post-fitting ; connected ; sld_signaltap:auto_signaltap_0 ; post-synthesis    ; sld_signaltap:auto_signaltap_0|~VCC         ; N/A     ;
; auto_signaltap_0|vcc                        ; post-fitting ; connected ; sld_signaltap:auto_signaltap_0 ; post-synthesis    ; sld_signaltap:auto_signaltap_0|~VCC         ; N/A     ;
; auto_signaltap_0|vcc                        ; post-fitting ; connected ; sld_signaltap:auto_signaltap_0 ; post-synthesis    ; sld_signaltap:auto_signaltap_0|~VCC         ; N/A     ;
; auto_signaltap_0|vcc                        ; post-fitting ; connected ; sld_signaltap:auto_signaltap_0 ; post-synthesis    ; sld_signaltap:auto_signaltap_0|~VCC         ; N/A     ;
; auto_signaltap_0|vcc                        ; post-fitting ; connected ; sld_signaltap:auto_signaltap_0 ; post-synthesis    ; sld_signaltap:auto_signaltap_0|~VCC         ; N/A     ;
; auto_signaltap_0|vcc                        ; post-fitting ; connected ; sld_signaltap:auto_signaltap_0 ; post-synthesis    ; sld_signaltap:auto_signaltap_0|~VCC         ; N/A     ;
; auto_signaltap_0|vcc                        ; post-fitting ; connected ; sld_signaltap:auto_signaltap_0 ; post-synthesis    ; sld_signaltap:auto_signaltap_0|~VCC         ; N/A     ;
; auto_signaltap_0|vcc                        ; post-fitting ; connected ; sld_signaltap:auto_signaltap_0 ; post-synthesis    ; sld_signaltap:auto_signaltap_0|~VCC         ; N/A     ;
; auto_signaltap_0|vcc                        ; post-fitting ; connected ; sld_signaltap:auto_signaltap_0 ; post-synthesis    ; sld_signaltap:auto_signaltap_0|~VCC         ; N/A     ;
; auto_signaltap_0|vcc                        ; post-fitting ; connected ; sld_signaltap:auto_signaltap_0 ; post-synthesis    ; sld_signaltap:auto_signaltap_0|~VCC         ; N/A     ;
; auto_signaltap_0|vcc                        ; post-fitting ; connected ; sld_signaltap:auto_signaltap_0 ; post-synthesis    ; sld_signaltap:auto_signaltap_0|~VCC         ; N/A     ;
; auto_signaltap_0|vcc                        ; post-fitting ; connected ; sld_signaltap:auto_signaltap_0 ; post-synthesis    ; sld_signaltap:auto_signaltap_0|~VCC         ; N/A     ;
; auto_signaltap_0|vcc                        ; post-fitting ; connected ; sld_signaltap:auto_signaltap_0 ; post-synthesis    ; sld_signaltap:auto_signaltap_0|~VCC         ; N/A     ;
; auto_stp_external_clock_0                   ; dynamic pin  ; connected ; Top                            ; post-synthesis    ; auto_stp_external_clock_0                   ; N/A     ;
+---------------------------------------------+--------------+-----------+--------------------------------+-------------------+---------------------------------------------+---------+


+-----------------------------------------------------------------------------------------------------------------------------------------+
; Partition Merge Partition Statistics                                                                                                    ;
+---------------------------------------------+------+------------------+--------------------------------+--------------------------------+
; Statistic                                   ; Top  ; sld_hub:auto_hub ; sld_signaltap:auto_signaltap_0 ; hard_block:auto_generated_inst ;
+---------------------------------------------+------+------------------+--------------------------------+--------------------------------+
; Estimated Total logic elements              ; 393  ; 155              ; 834                            ; 0                              ;
;                                             ;      ;                  ;                                ;                                ;
; Total combinational functions               ; 391  ; 128              ; 405                            ; 0                              ;
; Logic element usage by number of LUT inputs ;      ;                  ;                                ;                                ;
;     -- 4 input functions                    ; 61   ; 55               ; 193                            ; 0                              ;
;     -- 3 input functions                    ; 204  ; 38               ; 115                            ; 0                              ;
;     -- <=2 input functions                  ; 126  ; 35               ; 97                             ; 0                              ;
;                                             ;      ;                  ;                                ;                                ;
; Logic elements by mode                      ;      ;                  ;                                ;                                ;
;     -- normal mode                          ; 126  ; 120              ; 338                            ; 0                              ;
;     -- arithmetic mode                      ; 265  ; 8                ; 67                             ; 0                              ;
;                                             ;      ;                  ;                                ;                                ;
; Total registers                             ; 219  ; 91               ; 681                            ; 0                              ;
;     -- Dedicated logic registers            ; 219  ; 91               ; 681                            ; 0                              ;
;     -- I/O registers                        ; 0    ; 0                ; 0                              ; 0                              ;
;                                             ;      ;                  ;                                ;                                ;
; Virtual pins                                ; 0    ; 0                ; 0                              ; 0                              ;
; I/O pins                                    ; 7    ; 0                ; 0                              ; 0                              ;
; Embedded Multiplier 9-bit elements          ; 0    ; 0                ; 0                              ; 0                              ;
; Total memory bits                           ; 0    ; 0                ; 4352                           ; 0                              ;
; Total RAM block bits                        ; 0    ; 0                ; 0                              ; 0                              ;
; JTAG                                        ; 1    ; 0                ; 0                              ; 0                              ;
; PLL                                         ; 0    ; 0                ; 0                              ; 1                              ;
;                                             ;      ;                  ;                                ;                                ;
; Connections                                 ;      ;                  ;                                ;                                ;
;     -- Input Connections                    ; 220  ; 134              ; 1023                           ; 1                              ;
;     -- Registered Input Connections         ; 219  ; 102              ; 773                            ; 0                              ;
;     -- Output Connections                   ; 946  ; 179              ; 34                             ; 219                            ;
;     -- Registered Output Connections        ; 68   ; 179              ; 0                              ; 0                              ;
;                                             ;      ;                  ;                                ;                                ;
; Internal Connections                        ;      ;                  ;                                ;                                ;
;     -- Total Connections                    ; 2828 ; 876              ; 4013                           ; 221                            ;
;     -- Registered Connections               ; 805  ; 644              ; 2680                           ; 0                              ;
;                                             ;      ;                  ;                                ;                                ;
; External Connections                        ;      ;                  ;                                ;                                ;
;     -- Top                                  ; 0    ; 123              ; 823                            ; 220                            ;
;     -- sld_hub:auto_hub                     ; 123  ; 20               ; 170                            ; 0                              ;
;     -- sld_signaltap:auto_signaltap_0       ; 823  ; 170              ; 64                             ; 0                              ;
;     -- hard_block:auto_generated_inst       ; 220  ; 0                ; 0                              ; 0                              ;
;                                             ;      ;                  ;                                ;                                ;
; Partition Interface                         ;      ;                  ;                                ;                                ;
;     -- Input Ports                          ; 6    ; 45               ; 171                            ; 1                              ;
;     -- Output Ports                         ; 5    ; 62               ; 83                             ; 1                              ;
;     -- Bidir Ports                          ; 0    ; 0                ; 0                              ; 0                              ;
;                                             ;      ;                  ;                                ;                                ;
; Registered Ports                            ;      ;                  ;                                ;                                ;
;     -- Registered Input Ports               ; 0    ; 4                ; 74                             ; 0                              ;
;     -- Registered Output Ports              ; 0    ; 29               ; 69                             ; 0                              ;
;                                             ;      ;                  ;                                ;                                ;
; Port Connectivity                           ;      ;                  ;                                ;                                ;
;     -- Input Ports driven by GND            ; 0    ; 0                ; 15                             ; 0                              ;
;     -- Output Ports driven by GND           ; 0    ; 28               ; 2                              ; 0                              ;
;     -- Input Ports driven by VCC            ; 0    ; 0                ; 17                             ; 0                              ;
;     -- Output Ports driven by VCC           ; 0    ; 0                ; 1                              ; 0                              ;
;     -- Input Ports with no Source           ; 0    ; 25               ; 38                             ; 0                              ;
;     -- Output Ports with no Source          ; 0    ; 0                ; 0                              ; 0                              ;
;     -- Input Ports with no Fanout           ; 0    ; 30               ; 52                             ; 0                              ;
;     -- Output Ports with no Fanout          ; 0    ; 29               ; 71                             ; 0                              ;
+---------------------------------------------+------+------------------+--------------------------------+--------------------------------+
Note: Resource usage numbers presented for Partitions containing post-synthesis logic are estimates.  For Partitions containing post-fit logic, resource usage numbers are accurate based on previous placement information.  Actual Fitter results may vary depending on current Fitter Preservation Level assignments.


+-------------------------------------------------------------------------------------------------------------------------+
; Partition Merge Partition Pin Processing                                                                                ;
+-----------------------------------------------+--------------------------------+---------------+----------+-------------+
; Name                                          ; Partition                      ; Type          ; Location ; Status      ;
+-----------------------------------------------+--------------------------------+---------------+----------+-------------+
; ErrLim                                        ; Top                            ; Output Port   ; n/a      ;             ;
;     -- ErrLim                                 ; Top                            ; Output Pad    ; Unplaced ; Synthesized ;
;     -- ErrLim~output                          ; Top                            ; Output Buffer ; Unplaced ; Synthesized ;
;                                               ;                                ;               ;          ;             ;
; altera_reserved_tck                           ; Top                            ; Input Port    ; n/a      ;             ;
;     -- altera_reserved_tck                    ; Top                            ; Input Pad     ; Unplaced ; Synthesized ;
;     -- altera_reserved_tck~input              ; Top                            ; Input Buffer  ; Unplaced ; Synthesized ;
;                                               ;                                ;               ;          ;             ;
; altera_reserved_tdi                           ; Top                            ; Input Port    ; n/a      ;             ;
;     -- altera_reserved_tdi                    ; Top                            ; Input Pad     ; Unplaced ; Synthesized ;
;     -- altera_reserved_tdi~input              ; Top                            ; Input Buffer  ; Unplaced ; Synthesized ;
;                                               ;                                ;               ;          ;             ;
; altera_reserved_tdo                           ; Top                            ; Output Port   ; n/a      ;             ;
;     -- altera_reserved_tdo                    ; Top                            ; Output Pad    ; Unplaced ; Synthesized ;
;     -- altera_reserved_tdo~output             ; Top                            ; Output Buffer ; Unplaced ; Synthesized ;
;                                               ;                                ;               ;          ;             ;
; altera_reserved_tms                           ; Top                            ; Input Port    ; n/a      ;             ;
;     -- altera_reserved_tms                    ; Top                            ; Input Pad     ; Unplaced ; Synthesized ;
;     -- altera_reserved_tms~input              ; Top                            ; Input Buffer  ; Unplaced ; Synthesized ;
;                                               ;                                ;               ;          ;             ;
; auto_stp_external_clock_0                     ; Top                            ; Input Port    ; n/a      ;             ;
;     -- auto_stp_external_clock_0              ; Top                            ; Input Pad     ; Unplaced ; Synthesized ;
;     -- auto_stp_external_clock_0~input        ; Top                            ; Input Buffer  ; Unplaced ; Synthesized ;
;     -- sld_signaltap:auto_signaltap_0|acq_clk ; sld_signaltap:auto_signaltap_0 ; Input Port    ; n/a      ;             ;
;                                               ;                                ;               ;          ;             ;
; ext_pps_in                                    ; Top                            ; Input Port    ; n/a      ;             ;
;     -- ext_pps_in                             ; Top                            ; Input Pad     ; Unplaced ; Synthesized ;
;     -- ext_pps_in~input                       ; Top                            ; Input Buffer  ; Unplaced ; Synthesized ;
;                                               ;                                ;               ;          ;             ;
; lock                                          ; Top                            ; Output Port   ; n/a      ;             ;
;     -- lock                                   ; Top                            ; Output Pad    ; Unplaced ; Synthesized ;
;     -- lock~output                            ; Top                            ; Output Buffer ; Unplaced ; Synthesized ;
;                                               ;                                ;               ;          ;             ;
; oscClock                                      ; Top                            ; Input Port    ; n/a      ;             ;
;     -- oscClock                               ; Top                            ; Input Pad     ; Unplaced ; Synthesized ;
;     -- oscClock~input                         ; Top                            ; Input Buffer  ; Unplaced ; Synthesized ;
;                                               ;                                ;               ;          ;             ;
; out                                           ; Top                            ; Output Port   ; n/a      ;             ;
;     -- out                                    ; Top                            ; Output Pad    ; Unplaced ; Synthesized ;
;     -- out~output                             ; Top                            ; Output Buffer ; Unplaced ; Synthesized ;
;                                               ;                                ;               ;          ;             ;
; xPPS_Missing                                  ; Top                            ; Output Port   ; n/a      ;             ;
;     -- xPPS_Missing                           ; Top                            ; Output Pad    ; Unplaced ; Synthesized ;
;     -- xPPS_Missing~output                    ; Top                            ; Output Buffer ; Unplaced ; Synthesized ;
;                                               ;                                ;               ;          ;             ;
+-----------------------------------------------+--------------------------------+---------------+----------+-------------+


+------------------------------------------------------------------------+
; Partition Merge Resource Usage Summary                                 ;
+---------------------------------------------+--------------------------+
; Resource                                    ; Usage                    ;
+---------------------------------------------+--------------------------+
; Estimated Total logic elements              ; 1,382                    ;
;                                             ;                          ;
; Total combinational functions               ; 924                      ;
; Logic element usage by number of LUT inputs ;                          ;
;     -- 4 input functions                    ; 309                      ;
;     -- 3 input functions                    ; 357                      ;
;     -- <=2 input functions                  ; 258                      ;
;                                             ;                          ;
; Logic elements by mode                      ;                          ;
;     -- normal mode                          ; 584                      ;
;     -- arithmetic mode                      ; 340                      ;
;                                             ;                          ;
; Total registers                             ; 991                      ;
;     -- Dedicated logic registers            ; 991                      ;
;     -- I/O registers                        ; 0                        ;
;                                             ;                          ;
; I/O pins                                    ; 7                        ;
; Total memory bits                           ; 4352                     ;
;                                             ;                          ;
; Embedded Multiplier 9-bit elements          ; 0                        ;
;                                             ;                          ;
; Total PLLs                                  ; 1                        ;
;     -- PLLs                                 ; 1                        ;
;                                             ;                          ;
; Maximum fan-out node                        ; altera_internal_jtag~TDO ;
; Maximum fan-out                             ; 458                      ;
; Total fan-out                               ; 6549                     ;
; Average fan-out                             ; 3.32                     ;
+---------------------------------------------+--------------------------+


+-----------------------------------------------------------------------------------------------------------------------------------------------------------------------------------------------------------------------------------------------------------------------------------------------------------+
; Partition Merge RAM Summary                                                                                                                                                                                                                                                                               ;
+-------------------------------------------------------------------------------------------------------------------------------------------------------------------------------------------------------+------+------------------+--------------+--------------+--------------+--------------+------+------+
; Name                                                                                                                                                                                                  ; Type ; Mode             ; Port A Depth ; Port A Width ; Port B Depth ; Port B Width ; Size ; MIF  ;
+-------------------------------------------------------------------------------------------------------------------------------------------------------------------------------------------------------+------+------------------+--------------+--------------+--------------+--------------+------+------+
; sld_signaltap:auto_signaltap_0|sld_signaltap_impl:sld_signaltap_body|sld_signaltap_implb:sld_signaltap_body|altsyncram:\stp_non_zero_ram_gen:stp_buffer_ram|altsyncram_qf14:auto_generated|ALTSYNCRAM ; AUTO ; Simple Dual Port ; 128          ; 34           ; 128          ; 34           ; 4352 ; None ;
+-------------------------------------------------------------------------------------------------------------------------------------------------------------------------------------------------------+------+------------------+--------------+--------------+--------------+--------------+------+------+


+--------------------------+
; Partition Merge Messages ;
+--------------------------+
Info: *******************************************************************
Info: Running Quartus Prime Partition Merge
    Info: Version 17.1.0 Build 590 10/25/2017 SJ Lite Edition
    Info: Processing started: Tue Dec 03 08:16:29 2019
Info: Command: quartus_cdb --read_settings_files=off --write_settings_files=off ppsPll -c ppsPll --merge=on
Warning (18236): Number of processors has not been specified which may cause overloading on shared machines.  Set the global assignment NUM_PARALLEL_PROCESSORS in your QSF to an appropriate value for best performance.
Info (35007): Using synthesis netlist for partition "Top"
Info (35007): Using synthesis netlist for partition "sld_hub:auto_hub"
Info (35007): Using synthesis netlist for partition "sld_signaltap:auto_signaltap_0"
Info (35024): Successfully connected in-system debug instance "auto_signaltap_0" to all 101 required data inputs, trigger inputs, acquisition clocks, and dynamic pins
Info (35002): Resolved and merged 3 partition(s)
Info (16010): Generating hard_block partition "hard_block:auto_generated_inst"
    Info (16011): Adding 1 node(s), including 0 DDIO, 1 PLL, 0 transceiver and 0 LCELL
Critical Warning (138067): Current license file does not support incremental compilation. The Quartus Prime software removes all the user-specified design partitions in the design automatically.
Warning (15899): PLL "pll_50to100_Mhz:oscillatorPll|altpll:altpll_component|pll_50to100_Mhz_altpll:auto_generated|pll1" has parameters clk1_multiply_by and clk1_divide_by specified but port CLK[1] is not connected File: D:/Embedded_programming/Quartus_projects/Pll/db/pll_50to100_mhz_altpll.v Line: 50
Info (21057): Implemented 1444 device resources after synthesis - the final resource count might be different
    Info (21058): Implemented 6 input pins
    Info (21059): Implemented 5 output pins
    Info (21061): Implemented 1397 logic cells
    Info (21064): Implemented 34 RAM segments
    Info (21065): Implemented 1 PLLs
Info: Quartus Prime Partition Merge was successful. 0 errors, 3 warnings
    Info: Peak virtual memory: 4709 megabytes
    Info: Processing ended: Tue Dec 03 08:16:32 2019
    Info: Elapsed time: 00:00:03
    Info: Total CPU time (on all processors): 00:00:02


