------------------------------------------------------------
TimeQuest Timing Analyzer Summary
------------------------------------------------------------

Type  : Slow 1200mV 85C Model Setup 'oscillatorPll|altpll_component|auto_generated|pll1|clk[0]'
Slack : 1.022
TNS   : 0.000

Type  : Slow 1200mV 85C Model Hold 'oscillatorPll|altpll_component|auto_generated|pll1|clk[0]'
Slack : 0.360
TNS   : 0.000

Type  : Slow 1200mV 85C Model Minimum Pulse Width 'oscillatorPll|altpll_component|auto_generated|pll1|clk[0]'
Slack : 4.717
TNS   : 0.000

Type  : Slow 1200mV 85C Model Minimum Pulse Width 'oscClock'
Slack : 9.929
TNS   : 0.000

Type  : Slow 1200mV 0C Model Setup 'oscillatorPll|altpll_component|auto_generated|pll1|clk[0]'
Slack : 1.769
TNS   : 0.000

Type  : Slow 1200mV 0C Model Hold 'oscillatorPll|altpll_component|auto_generated|pll1|clk[0]'
Slack : 0.323
TNS   : 0.000

Type  : Slow 1200mV 0C Model Minimum Pulse Width 'oscillatorPll|altpll_component|auto_generated|pll1|clk[0]'
Slack : 4.696
TNS   : 0.000

Type  : Slow 1200mV 0C Model Minimum Pulse Width 'oscClock'
Slack : 9.938
TNS   : 0.000

Type  : Fast 1200mV 0C Model Setup 'oscillatorPll|altpll_component|auto_generated|pll1|clk[0]'
Slack : 6.564
TNS   : 0.000

Type  : Fast 1200mV 0C Model Hold 'oscillatorPll|altpll_component|auto_generated|pll1|clk[0]'
Slack : 0.151
TNS   : 0.000

Type  : Fast 1200mV 0C Model Minimum Pulse Width 'oscillatorPll|altpll_component|auto_generated|pll1|clk[0]'
Slack : 4.755
TNS   : 0.000

Type  : Fast 1200mV 0C Model Minimum Pulse Width 'oscClock'
Slack : 9.649
TNS   : 0.000

------------------------------------------------------------
